// Jest Snapshot v1, https://goo.gl/fbAQLP

exports[`renders correctly 1`] = `
<header
  className="MuiPaper-root-9 MuiPaper-elevation4-15 MuiAppBar-root-1 MuiAppBar-positionStatic-5 MuiAppBar-colorPrimary-7"
>
  <div
    className="MuiToolbar-root-36 MuiToolbar-gutters-37"
  >
    <h2
      className="MuiTypography-root-38 MuiTypography-title-44 MuiTypography-colorInherit-57"
    >
      Kiwi T9
    </h2>
  </div>
</header>
`;
